<!DOCTYPE html>
<html lang="zh-CN">
<head>
    <meta charset="UTF-8">
    <meta name="viewport" content="width=device-width, initial-scale=1.0">
    <title>AI 数据问答平台 - 开发模式</title>
    <style>
        body {
            font-family: -apple-system, BlinkMacSystemFont, "Segoe UI", Roboto, "Helvetica Neue", Arial, sans-serif;
            display: flex;
            justify-content: center;
            align-items: center;
            height: 100vh;
            margin: 0;
            background-color: #f0f2f5;
        }
        .container {
            text-align: center;
            padding: 40px;
            background: white;
            border-radius: 8px;
            box-shadow: 0 4px 12px rgba(0,0,0,0.1);
            max-width: 500px;
        }
        h1 { color: #1890ff; }
        p { color: #666; line-height: 1.6; }
        .steps {
            text-align: left;
            margin-top: 20px;
            padding: 15px;
            background: #fafafa;
            border-radius: 4px;
        }
        code {
            background: #e6f7ff;
            padding: 2px 4px;
            border-radius: 3px;
        }
    </style>
</head>
<body>
    <div class="container">
        <h1>欢迎使用 AI 数据问答平台</h1>
        <p>目前后端服务运行正常，但未检测到前端静态资源。</p>
        <div class="steps">
            <strong>后续操作建议：</strong>
            <ul>
                <li><strong>本地开发：</strong> 请在 <code>admin-ui</code> 目录下运行 <code>npm run dev</code></li>
                <li><strong>生产部署：</strong> 请在根目录下运行 <code>npm run build:prod</code> 构建前端</li>
                <li><strong>访问地址：</strong> 前端开发服务器通常运行在 <code>http://localhost:3001</code></li>
            </ul>
        </div>
    </div>
</body>
</html>
